[2024-04-09T16:31:19.552+0300][info][gc] Using Parallel
[2024-04-09T16:31:20.797+0300][info][gc] GC(0) Pause Young (Allocation Failure) 3M->1M(11M) 2.906ms
[2024-04-09T16:31:30.782+0300][info][gc] GC(1) Pause Young (Allocation Failure) 4M->2M(11M) 2.302ms
[2024-04-09T16:31:30.859+0300][info][gc] GC(2) Pause Young (Allocation Failure) 5M->3M(11M) 1.677ms
[2024-04-09T16:31:30.936+0300][info][gc] GC(3) Pause Young (Allocation Failure) 6M->3M(11M) 2.359ms
[2024-04-09T16:31:30.965+0300][info][gc] GC(4) Pause Young (Allocation Failure) 6M->5M(11M) 2.715ms
[2024-04-09T16:31:31.192+0300][info][gc] GC(5) Pause Young (Allocation Failure) 8M->6M(10M) 2.277ms
[2024-04-09T16:31:31.387+0300][info][gc] GC(6) Pause Young (Allocation Failure) 8M->6M(11M) 2.988ms
[2024-04-09T16:31:31.532+0300][info][gc] GC(7) Pause Young (Allocation Failure) 8M->7M(11M) 1.798ms
[2024-04-09T16:31:31.548+0300][info][gc] GC(8) Pause Full (Ergonomics) 7M->4M(11M) 15.895ms
[2024-04-09T16:31:36.662+0300][info][gc] GC(9) Pause Young (Allocation Failure) 6M->4M(11M) 0.872ms
[2024-04-09T16:31:47.314+0300][info][gc] GC(10) Pause Young (Allocation Failure) 6M->4M(11M) 0.844ms
[2024-04-09T16:32:05.693+0300][info][gc] GC(11) Pause Young (Allocation Failure) 6M->4M(11M) 0.683ms
[2024-04-09T16:32:25.737+0300][info][gc] GC(12) Pause Young (Allocation Failure) 6M->4M(11M) 0.430ms
[2024-04-09T16:32:46.744+0300][info][gc] GC(13) Pause Young (Allocation Failure) 6M->4M(11M) 0.558ms
[2024-04-09T16:33:07.768+0300][info][gc] GC(14) Pause Young (Allocation Failure) 6M->4M(11M) 0.493ms
[2024-04-09T16:33:18.771+0300][info][gc] GC(15) Pause Young (Allocation Failure) 6M->5M(11M) 0.674ms
[2024-04-09T16:33:38.745+0300][info][gc] GC(16) Pause Young (Allocation Failure) 7M->5M(11M) 0.475ms
[2024-04-09T16:33:59.758+0300][info][gc] GC(17) Pause Young (Allocation Failure) 7M->5M(11M) 0.424ms
[2024-04-09T16:34:04.421+0300][info][gc] GC(18) Pause Young (Allocation Failure) 7M->6M(11M) 0.617ms
[2024-04-09T16:34:04.426+0300][info][gc] GC(19) Pause Young (Allocation Failure) 8M->6M(11M) 0.676ms
[2024-04-09T16:34:04.446+0300][info][gc] GC(20) Pause Full (Ergonomics) 6M->5M(11M) 19.921ms
[2024-04-09T16:34:04.459+0300][info][gc] GC(21) Pause Young (Allocation Failure) 7M->6M(11M) 0.532ms
[2024-04-09T16:34:04.472+0300][info][gc] GC(22) Pause Young (Allocation Failure) 8M->6M(11M) 0.564ms
[2024-04-09T16:34:04.475+0300][info][gc] GC(23) Pause Young (Allocation Failure) 8M->6M(11M) 0.465ms
[2024-04-09T16:34:04.478+0300][info][gc] GC(24) Pause Young (Allocation Failure) 8M->6M(11M) 0.426ms
[2024-04-09T16:34:04.482+0300][info][gc] GC(25) Pause Young (Allocation Failure) 8M->6M(11M) 0.474ms
[2024-04-09T16:34:04.485+0300][info][gc] GC(26) Pause Young (Allocation Failure) 8M->6M(11M) 0.409ms
[2024-04-09T16:34:04.489+0300][info][gc] GC(27) Pause Young (Allocation Failure) 8M->6M(11M) 0.642ms
[2024-04-09T16:34:04.492+0300][info][gc] GC(28) Pause Young (Allocation Failure) 8M->6M(11M) 0.532ms
[2024-04-09T16:34:04.502+0300][info][gc] GC(29) Pause Full (Ergonomics) 6M->6M(11M) 10.270ms
[2024-04-09T16:34:04.506+0300][info][gc] GC(30) Pause Young (Allocation Failure) 8M->6M(11M) 0.502ms
[2024-04-09T16:34:04.509+0300][info][gc] GC(31) Pause Young (Allocation Failure) 8M->6M(11M) 0.445ms
[2024-04-09T16:34:04.512+0300][info][gc] GC(32) Pause Young (Allocation Failure) 8M->6M(11M) 0.490ms
[2024-04-09T16:34:04.516+0300][info][gc] GC(33) Pause Young (Allocation Failure) 8M->7M(11M) 0.528ms
[2024-04-09T16:34:14.826+0300][info][gc] GC(34) Pause Young (Allocation Failure) 9M->6M(11M) 0.520ms
[2024-04-09T16:34:34.742+0300][info][gc] GC(35) Pause Young (Allocation Failure) 8M->6M(11M) 0.439ms
[2024-04-09T16:34:45.854+0300][info][gc] GC(36) Pause Young (Allocation Failure) 8M->7M(11M) 0.796ms
[2024-04-09T16:35:06.872+0300][info][gc] GC(37) Pause Young (Allocation Failure) 9M->6M(11M) 0.423ms
[2024-04-09T16:35:23.438+0300][info][gc] GC(38) Pause Young (Allocation Failure) 8M->6M(11M) 0.418ms
[2024-04-09T16:35:34.896+0300][info][gc] GC(39) Pause Young (Allocation Failure) 8M->7M(11M) 0.684ms
[2024-04-09T16:35:55.925+0300][info][gc] GC(40) Pause Young (Allocation Failure) 9M->7M(11M) 0.864ms
[2024-04-09T16:35:55.937+0300][info][gc] GC(41) Pause Full (Ergonomics) 7M->5M(11M) 11.662ms
[2024-04-09T16:36:15.806+0300][info][gc] GC(42) Pause Young (Allocation Failure) 7M->5M(11M) 0.634ms
[2024-04-09T16:36:35.973+0300][info][gc] GC(43) Pause Young (Allocation Failure) 7M->5M(11M) 0.812ms
[2024-04-09T16:36:57.988+0300][info][gc] GC(44) Pause Young (Allocation Failure) 7M->5M(11M) 0.635ms
[2024-04-09T16:37:20.012+0300][info][gc] GC(45) Pause Young (Allocation Failure) 7M->5M(11M) 0.412ms
[2024-04-09T16:37:41.860+0300][info][gc] GC(46) Pause Young (Allocation Failure) 7M->5M(11M) 0.320ms
[2024-04-09T16:38:03.049+0300][info][gc] GC(47) Pause Young (Allocation Failure) 7M->5M(11M) 0.446ms
[2024-04-09T16:38:25.068+0300][info][gc] GC(48) Pause Young (Allocation Failure) 7M->5M(11M) 0.606ms
[2024-04-09T16:38:46.882+0300][info][gc] GC(49) Pause Young (Allocation Failure) 7M->5M(11M) 0.387ms
[2024-04-09T16:39:08.110+0300][info][gc] GC(50) Pause Young (Allocation Failure) 7M->5M(11M) 0.496ms
[2024-04-09T16:39:30.129+0300][info][gc] GC(51) Pause Young (Allocation Failure) 7M->5M(11M) 0.508ms
[2024-04-09T16:39:52.140+0300][info][gc] GC(52) Pause Young (Allocation Failure) 7M->5M(11M) 0.557ms
[2024-04-09T16:40:14.160+0300][info][gc] GC(53) Pause Young (Allocation Failure) 7M->5M(11M) 0.506ms
[2024-04-09T16:40:36.174+0300][info][gc] GC(54) Pause Young (Allocation Failure) 7M->5M(11M) 0.555ms
[2024-04-09T16:40:58.190+0300][info][gc] GC(55) Pause Young (Allocation Failure) 7M->5M(11M) 0.538ms
