[0.014s][info][gc] Using Serial
[1.321s][info][gc] GC(0) Pause Young (Allocation Failure) 3M->1M(11M) 3.314ms
[34.963s][info][gc] GC(1) Pause Young (Allocation Failure) 5M->2M(11M) 3.063ms
[35.059s][info][gc] GC(2) Pause Young (Allocation Failure) 5M->3M(11M) 1.849ms
[35.112s][info][gc] GC(3) Pause Young (Allocation Failure) 6M->4M(11M) 3.228ms
[35.284s][info][gc] GC(4) Pause Young (Allocation Failure) 7M->4M(11M) 2.142ms
[35.473s][info][gc] GC(5) Pause Young (Allocation Failure) 7M->5M(11M) 2.555ms
[35.840s][info][gc] GC(6) Pause Young (Allocation Failure) 8M->5M(11M) 3.788ms
[56.873s][info][gc] GC(7) Pause Young (Allocation Failure) 8M->5M(11M) 1.816ms
[83.920s][info][gc] GC(8) Pause Young (Allocation Failure) 8M->5M(11M) 1.364ms
[93.834s][info][gc] GC(9) Pause Young (Allocation Failure) 8M->5M(11M) 0.736ms
[95.735s][info][gc] GC(10) Pause Young (Allocation Failure) 8M->5M(11M) 0.899ms
[97.735s][info][gc] GC(11) Pause Young (Allocation Failure) 8M->5M(11M) 0.871ms
[125.280s][info][gc] GC(12) Pause Young (Allocation Failure) 8M->5M(11M) 1.113ms
[148.975s][info][gc] GC(13) Pause Young (Allocation Failure) 8M->6M(11M) 2.191ms
[183.006s][info][gc] GC(14) Pause Young (Allocation Failure) 9M->6M(11M) 0.843ms
[201.415s][info][gc] GC(15) Pause Young (Allocation Failure) 9M->7M(11M) 1.811ms
[201.429s][info][gc] GC(16) Pause Young (Allocation Failure) 10M->10M(11M) 0.069ms
[201.450s][info][gc] GC(17) Pause Full (Allocation Failure) 10M->6M(11M) 21.179ms
[201.460s][info][gc] GC(18) Pause Young (Allocation Failure) 9M->6M(11M) 0.656ms
[201.465s][info][gc] GC(19) Pause Young (Allocation Failure) 9M->6M(11M) 0.459ms
[201.471s][info][gc] GC(20) Pause Young (Allocation Failure) 9M->6M(11M) 0.410ms
[201.476s][info][gc] GC(21) Pause Young (Allocation Failure) 10M->10M(11M) 0.053ms
[201.488s][info][gc] GC(22) Pause Full (Allocation Failure) 10M->6M(11M) 12.464ms
[201.493s][info][gc] GC(23) Pause Young (Allocation Failure) 9M->6M(11M) 0.293ms
[201.497s][info][gc] GC(24) Pause Young (Allocation Failure) 10M->7M(11M) 0.310ms
[201.502s][info][gc] GC(25) Pause Young (Allocation Failure) 9M->9M(11M) 0.067ms
[201.513s][info][gc] GC(26) Pause Full (Allocation Failure) 9M->7M(11M) 11.403ms
[218.940s][info][gc] GC(27) Pause Young (Allocation Failure) 10M->10M(11M) 0.040ms
[218.952s][info][gc] GC(28) Pause Full (Allocation Failure) 10M->4M(11M) 12.324ms
[254.071s][info][gc] GC(29) Pause Young (Allocation Failure) 8M->4M(11M) 0.371ms
[287.574s][info][gc] GC(30) Pause Young (Allocation Failure) 8M->4M(11M) 0.350ms
[312.976s][info][gc] GC(31) Pause Young (Allocation Failure) 8M->4M(11M) 0.403ms
[347.167s][info][gc] GC(32) Pause Young (Allocation Failure) 8M->4M(11M) 0.408ms
[383.197s][info][gc] GC(33) Pause Young (Allocation Failure) 8M->4M(11M) 0.300ms
[408.020s][info][gc] GC(34) Pause Young (Allocation Failure) 8M->5M(11M) 0.661ms
[443.263s][info][gc] GC(35) Pause Young (Allocation Failure) 9M->5M(11M) 0.702ms
[479.308s][info][gc] GC(36) Pause Young (Allocation Failure) 9M->5M(11M) 0.454ms
[515.343s][info][gc] GC(37) Pause Young (Allocation Failure) 9M->5M(11M) 0.649ms
[550.376s][info][gc] GC(38) Pause Young (Allocation Failure) 9M->5M(11M) 0.436ms
